2025-08-18 17:18:58,767 - LifecycleManager - INFO - 🌱 Farm Lifecycle Daemon starting...
2025-08-18 17:18:59,372 - LifecycleManager - INFO - Cycle interval: 10 seconds
2025-08-18 17:19:10,337 - LifecycleManager - INFO - 🔄 Starting lifecycle cycle #1
2025-08-18 17:19:22,396 - LifecycleManager - INFO - ✅ Lifecycle cycle #1 completed successfully
2025-08-18 17:19:30,469 - LifecycleManager - WARNING - ⚠️  Lifecycle cycle took 19.2s, longer than interval of 10s
2025-08-18 17:19:31,698 - LifecycleManager - INFO - 🔄 Starting lifecycle cycle #2
2025-08-18 17:19:31,699 - LifecycleManager - INFO - ✅ Lifecycle cycle #2 completed successfully
2025-08-18 17:19:31,699 - LifecycleManager - DEBUG - ⏰ Sleeping for 10.0 seconds until next cycle
2025-08-18 17:19:41,699 - LifecycleManager - INFO - 🔄 Starting lifecycle cycle #3
2025-08-18 17:19:41,700 - LifecycleManager - INFO - ✅ Lifecycle cycle #3 completed successfully
2025-08-18 17:19:41,700 - LifecycleManager - DEBUG - ⏰ Sleeping for 10.0 seconds until next cycle
2025-08-18 17:19:51,703 - LifecycleManager - INFO - 🔄 Starting lifecycle cycle #4
2025-08-18 17:19:51,703 - LifecycleManager - INFO - ✅ Lifecycle cycle #4 completed successfully
2025-08-18 17:19:51,704 - LifecycleManager - DEBUG - ⏰ Sleeping for 10.0 seconds until next cycle
2025-08-18 17:20:01,708 - LifecycleManager - INFO - 🔄 Starting lifecycle cycle #5
2025-08-18 17:20:11,890 - LifecycleManager - INFO - ✅ Lifecycle cycle #5 completed successfully
2025-08-18 17:20:11,890 - LifecycleManager - WARNING - ⚠️  Lifecycle cycle took 10.2s, longer than interval of 10s
2025-08-18 17:20:11,890 - LifecycleManager - INFO - 🔄 Starting lifecycle cycle #6
2025-08-18 17:20:11,891 - LifecycleManager - INFO - ✅ Lifecycle cycle #6 completed successfully
2025-08-18 17:20:11,891 - LifecycleManager - DEBUG - ⏰ Sleeping for 10.0 seconds until next cycle
2025-08-18 17:20:21,891 - LifecycleManager - INFO - 🔄 Starting lifecycle cycle #7
2025-08-18 17:20:21,892 - LifecycleManager - INFO - ✅ Lifecycle cycle #7 completed successfully
2025-08-18 17:20:21,892 - LifecycleManager - DEBUG - ⏰ Sleeping for 10.0 seconds until next cycle
2025-08-18 17:20:31,892 - LifecycleManager - INFO - 🔄 Starting lifecycle cycle #8
2025-08-18 17:20:31,893 - LifecycleManager - INFO - ✅ Lifecycle cycle #8 completed successfully
2025-08-18 17:20:31,893 - LifecycleManager - DEBUG - ⏰ Sleeping for 10.0 seconds until next cycle
2025-08-18 17:20:41,897 - LifecycleManager - INFO - 🔄 Starting lifecycle cycle #9
2025-08-18 17:20:41,898 - LifecycleManager - INFO - ✅ Lifecycle cycle #9 completed successfully
2025-08-18 17:20:41,898 - LifecycleManager - DEBUG - ⏰ Sleeping for 10.0 seconds until next cycle
2025-08-18 17:20:51,899 - LifecycleManager - INFO - 🔄 Starting lifecycle cycle #10
2025-08-18 17:20:51,900 - LifecycleManager - INFO - ✅ Lifecycle cycle #10 completed successfully
2025-08-18 17:20:51,901 - LifecycleManager - DEBUG - ⏰ Sleeping for 10.0 seconds until next cycle
2025-08-18 17:21:01,905 - LifecycleManager - INFO - 🔄 Starting lifecycle cycle #11
2025-08-18 17:21:01,906 - LifecycleManager - INFO - ✅ Lifecycle cycle #11 completed successfully
2025-08-18 17:21:01,906 - LifecycleManager - DEBUG - ⏰ Sleeping for 10.0 seconds until next cycle
2025-08-18 17:21:11,910 - LifecycleManager - INFO - 🔄 Starting lifecycle cycle #12
2025-08-18 17:21:11,911 - LifecycleManager - INFO - ✅ Lifecycle cycle #12 completed successfully
2025-08-18 17:21:11,911 - LifecycleManager - DEBUG - ⏰ Sleeping for 10.0 seconds until next cycle
